should set values properly:
  1: |
    ports:
      - name: tcp
        port: 80
        protocol: TCP
        targetPort: http
    selector:
      app.kubernetes.io/instance: release
      app.kubernetes.io/name: cryptpad
    sessionAffinity: ClientIP
    type: ClusterIP
